c:\users\l\documents\чну\visual studio\alcoholproductionapp\alcoholproductionapp\x64\debug\vc143.pdb
c:\users\l\documents\чну\visual studio\alcoholproductionapp\alcoholproductionapp\x64\debug\.netframework,version=4.8.assemblyattributes.obj
c:\users\l\documents\чну\visual studio\alcoholproductionapp\alcoholproductionapp\x64\debug\myform.obj
c:\users\l\documents\чну\visual studio\alcoholproductionapp\alcoholproductionapp\x64\debug\mainform.obj
c:\users\l\documents\чну\visual studio\alcoholproductionapp\alcoholproductionapp\x64\debug\main.obj
c:\users\l\documents\чну\visual studio\alcoholproductionapp\alcoholproductionapp\x64\debug\alcoholproductionapp.obj
c:\users\l\documents\чну\visual studio\alcoholproductionapp\x64\debug\alcoholproductionapp.exe
c:\users\l\documents\чну\visual studio\alcoholproductionapp\x64\debug\alcoholproductionapp.pdb
c:\users\l\documents\чну\visual studio\alcoholproductionapp\alcoholproductionapp\x64\debug\alcoholp.910e02d7.tlog\cl.command.1.tlog
c:\users\l\documents\чну\visual studio\alcoholproductionapp\alcoholproductionapp\x64\debug\alcoholp.910e02d7.tlog\cl.items.tlog
c:\users\l\documents\чну\visual studio\alcoholproductionapp\alcoholproductionapp\x64\debug\alcoholp.910e02d7.tlog\cl.read.1.tlog
c:\users\l\documents\чну\visual studio\alcoholproductionapp\alcoholproductionapp\x64\debug\alcoholp.910e02d7.tlog\cl.write.1.tlog
c:\users\l\documents\чну\visual studio\alcoholproductionapp\alcoholproductionapp\x64\debug\alcoholp.910e02d7.tlog\link.command.1.tlog
c:\users\l\documents\чну\visual studio\alcoholproductionapp\alcoholproductionapp\x64\debug\alcoholp.910e02d7.tlog\link.read.1.tlog
c:\users\l\documents\чну\visual studio\alcoholproductionapp\alcoholproductionapp\x64\debug\alcoholp.910e02d7.tlog\link.secondary.1.tlog
c:\users\l\documents\чну\visual studio\alcoholproductionapp\alcoholproductionapp\x64\debug\alcoholp.910e02d7.tlog\link.write.1.tlog
c:\users\l\documents\чну\visual studio\alcoholproductionapp\alcoholproductionapp\x64\debug\alcoholp.910e02d7.tlog\metagen.read.1.tlog
c:\users\l\documents\чну\visual studio\alcoholproductionapp\alcoholproductionapp\x64\debug\alcoholp.910e02d7.tlog\metagen.write.1.tlog
c:\users\l\documents\чну\visual studio\alcoholproductionapp\alcoholproductionapp\x64\debug\alcoholp.910e02d7.tlog\resgen.command.1.tlog
c:\users\l\documents\чну\visual studio\alcoholproductionapp\alcoholproductionapp\x64\debug\alcoholp.910e02d7.tlog\resgen.read.1.tlog
c:\users\l\documents\чну\visual studio\alcoholproductionapp\alcoholproductionapp\x64\debug\alcoholp.910e02d7.tlog\resgen.write.1.tlog
